// Jest Snapshot v1, https://goo.gl/fbAQLP

exports[`App renders view that matches snapshot 1`] = `
<DocumentFragment>
  <h1>
    App Host - React 17
  </h1>
  <div
    class="app"
    id="app"
  >
    <h2>
      App Host root
    </h2>
    <a
      href="/asdf"
    >
      asdf (from App Host)
    </a>
    <br />
    <button>
      App Host button
    </button>
  </div>
  <hr />
  <div
    id="placeholder-2"
  >
    <div
      class="FakePluginLayout"
    >
      <p>
        FakePluginLayout (injected)
      </p>
      <a
        href="/asdf"
      >
        asdf (from FakePluginLayout)
      </a>
      <br />
      <button>
        FakePluginLayout button
      </button>
    </div>
  </div>
  <div
    id="placeholder-3"
  />
</DocumentFragment>
`;
